// Jest Snapshot v1, https://goo.gl/fbAQLP

exports[`App component renders App 1`] = `
<DocumentFragment>
  <div
    class="makeStyles-search-1"
  >
    <div
      class="MuiFormControl-root MuiTextField-root"
    >
      <label
        class="MuiFormLabel-root MuiInputLabel-root MuiInputLabel-formControl MuiInputLabel-animated MuiInputLabel-outlined"
        data-shrink="false"
        for="filled-error"
        id="filled-error-label"
      >
        Zip Code
      </label>
      <div
        class="MuiInputBase-root MuiOutlinedInput-root MuiInputBase-formControl"
      >
        <input
          aria-invalid="false"
          class="MuiInputBase-input MuiOutlinedInput-input"
          id="filled-error"
          maxlength="5"
          placeholder="ex: 97210"
          type="text"
          value=""
        />
        <fieldset
          aria-hidden="true"
          class="PrivateNotchedOutline-root-3 MuiOutlinedInput-notchedOutline"
        >
          <legend
            class="PrivateNotchedOutline-legendLabelled-5"
          >
            <span>
              Zip Code
            </span>
          </legend>
        </fieldset>
      </div>
    </div>
    <button
      class="MuiButtonBase-root MuiButton-root MuiButton-contained makeStyles-button-2 MuiButton-containedPrimary Mui-disabled Mui-disabled"
      disabled=""
      tabindex="-1"
      type="button"
    >
      <span
        class="MuiButton-label"
      >
        Add
      </span>
    </button>
  </div>
  <div
    class="makeStyles-toggle-7"
  >
    <span
      class="makeStyles-temp-8"
    >
      °C
    </span>
    <span
      class="MuiSwitch-root makeStyles-toggle-7"
    >
      <span
        aria-disabled="false"
        class="MuiButtonBase-root MuiIconButton-root PrivateSwitchBase-root-12 MuiSwitch-switchBase MuiSwitch-colorPrimary WithStyles(ForwardRef(Switch))-colorPrimary-9 PrivateSwitchBase-checked-13 Mui-checked"
        data-testid="toggle"
      >
        <span
          class="MuiIconButton-label"
        >
          <input
            checked=""
            class="PrivateSwitchBase-input-15 MuiSwitch-input"
            name="checkedB"
            type="checkbox"
            value=""
          />
          <span
            class="MuiSwitch-thumb WithStyles(ForwardRef(Switch))-thumb-11"
          />
        </span>
        <span
          class="MuiTouchRipple-root"
        />
      </span>
      <span
        class="MuiSwitch-track WithStyles(ForwardRef(Switch))-track-10"
      />
    </span>
    <span
      class="makeStyles-temp-8"
    >
      °F
    </span>
  </div>
  <div
    class="MuiGrid-root makeStyles-gridContainer-17 MuiGrid-container"
  />
</DocumentFragment>
`;
